// Jest Snapshot v1, https://goo.gl/fbAQLP

exports[`renders homepage unchanged 1`] = `
<div>
  <div
    class="container"
  >
    <main
      class="main"
    >
      <h1
        class="title"
        role="heading"
      >
        Welcome to BlogPost!
      </h1>
      <div
        class="justify-content-center row"
      >
        0
        <div
          class="mt-3 justify-content-center row"
        >
          <div
            class="col"
          >
            <nav
              aria-label="Page navigation example"
            >
              <ul
                class="pagination justify-content-center"
              >
                <li
                  class="page-item disabled"
                >
                  <a
                    aria-label="Previous"
                    class="page-link"
                  >
                    <span
                      aria-hidden="true"
                    >
                      «
                    </span>
                  </a>
                </li>
                <li
                  class="page-item"
                >
                  <a
                    aria-label="Next"
                    aria-labelledby="Next"
                    class="page-link"
                  >
                    <span
                      aria-hidden="true"
                    >
                      »
                    </span>
                  </a>
                </li>
              </ul>
            </nav>
          </div>
        </div>
      </div>
    </main>
    <footer
      class="footer"
      role="footer"
    >
      Developed by Kartik Gevariya
    </footer>
  </div>
</div>
`;
